
Win7@Win7-PC MINGW64 ~/Desktop/fullstackjava/fullstackjava- (master)
$ git add .

Win7@Win7-PC MINGW64 ~/Desktop/fullstackjava/fullstackjava- (master)
$ git commit -m "primera actualización"
[master (root-commit) f9f9f58] primera actualizaci+¦n
 3 files changed, 54 insertions(+)
 create mode 100644 ejercicio1.txt
 create mode 100644 ejercicio2.txt
 create mode 100644 modulos/modulo1.txt

Win7@Win7-PC MINGW64 ~/Desktop/fullstackjava/fullstackjava- (master)
$ git push -u origin master
Enumerating objects: 5, done.
Counting objects: 100% (5/5), done.
Delta compression using up to 2 threads
Compressing objects: 100% (3/3), done.
Writing objects: 100% (5/5), 847 bytes | 282.00 KiB/s, done.
Total 5 (delta 0), reused 0 (delta 0), pack-reused 0
To https://github.com/ACanavel/fullstackjava-.git
 * [new branch]      master -> master
Branch 'master' set up to track remote branch 'master' from 'origin'.

Win7@Win7-PC MINGW64 ~/Desktop/fullstackjava/fullstackjava- (master)
$ ^C

Win7@Win7-PC MINGW64 ~/Desktop/fullstackjava/fullstackjava- (master)
$ git status
On branch master
Your branch is up to date with 'origin/master'.

nothing to commit, working tree clean

Win7@Win7-PC MINGW64 ~/Desktop/fullstackjava/fullstackjava- (master)
$ ^C

Win7@Win7-PC MINGW64 ~/Desktop/fullstackjava/fullstackjava- (master)
$ git add modulos

Win7@Win7-PC MINGW64 ~/Desktop/fullstackjava/fullstackjava- (master)
$ git commit -m "actualizacion en modulo"
[master a397763] actualizacion en modulo
 1 file changed, 1 insertion(+)

Win7@Win7-PC MINGW64 ~/Desktop/fullstackjava/fullstackjava- (master)
$ ^C

Win7@Win7-PC MINGW64 ~/Desktop/fullstackjava/fullstackjava- (master)
$ git push
Enumerating objects: 7, done.
Counting objects: 100% (7/7), done.
Delta compression using up to 2 threads
Compressing objects: 100% (3/3), done.
Writing objects: 100% (4/4), 392 bytes | 130.00 KiB/s, done.
Total 4 (delta 1), reused 0 (delta 0), pack-reused 0
remote: Resolving deltas: 100% (1/1), completed with 1 local object.
To https://github.com/ACanavel/fullstackjava-.git
   f9f9f58..a397763  master -> master

Win7@Win7-PC MINGW64 ~/Desktop/fullstackjava/fullstackjava- (master)
$ git add modulo2.txt
fatal: pathspec 'modulo2.txt' did not match any files

Win7@Win7-PC MINGW64 ~/Desktop/fullstackjava/fullstackjava- (master)
$ git add .

Win7@Win7-PC MINGW64 ~/Desktop/fullstackjava/fullstackjava- (master)
$ git commit -m "se agrega modulo2"
[master 5d33776] se agrega modulo2
 2 files changed, 45 insertions(+)
 create mode 100644 modulos/modulo2.txt

Win7@Win7-PC MINGW64 ~/Desktop/fullstackjava/fullstackjava- (master)
$ git push origin master
Enumerating objects: 8, done.
Counting objects: 100% (8/8), done.
Delta compression using up to 2 threads
Compressing objects: 100% (5/5), done.
Writing objects: 100% (5/5), 1.06 KiB | 272.00 KiB/s, done.
Total 5 (delta 0), reused 0 (delta 0), pack-reused 0
To https://github.com/ACanavel/fullstackjava-.git
   a397763..5d33776  master -> master

Win7@Win7-PC MINGW64 ~/Desktop/fullstackjava/fullstackjava- (master)
$ git add .

Win7@Win7-PC MINGW64 ~/Desktop/fullstackjava/fullstackjava- (master)
$ git commit -m "se agrega modulo3"
[master 7527b62] se agrega modulo3
 1 file changed, 2 insertions(+)
 create mode 100644 modulos/modulo3.txt

Win7@Win7-PC MINGW64 ~/Desktop/fullstackjava/fullstackjava- (master)
$ git push origin master
Enumerating objects: 6, done.
Counting objects: 100% (6/6), done.
Delta compression using up to 2 threads
Compressing objects: 100% (4/4), done.
Writing objects: 100% (4/4), 468 bytes | 117.00 KiB/s, done.
Total 4 (delta 1), reused 0 (delta 0), pack-reused 0
remote: Resolving deltas: 100% (1/1), completed with 1 local object.
To https://github.com/ACanavel/fullstackjava-.git
   5d33776..7527b62  master -> master

Win7@Win7-PC MINGW64 ~/Desktop/fullstackjava/fullstackjava- (master)
$ git status
On branch master
Your branch is up to date with 'origin/master'.

nothing to commit, working tree clean

Win7@Win7-PC MINGW64 ~/Desktop/fullstackjava/fullstackjava- (master)
$ git add .

Win7@Win7-PC MINGW64 ~/Desktop/fullstackjava/fullstackjava- (master)
$ git commit -m "temario del curso completo"
[master 0a1599d] temario del curso completo
 1 file changed, 28 insertions(+)
 create mode 100644 modulos/contenidos.txt

Win7@Win7-PC MINGW64 ~/Desktop/fullstackjava/fullstackjava- (master)
$ git push origin master
Enumerating objects: 6, done.
Counting objects: 100% (6/6), done.
Delta compression using up to 2 threads
Compressing objects: 100% (4/4), done.
Writing objects: 100% (4/4), 473 bytes | 157.00 KiB/s, done.
Total 4 (delta 1), reused 0 (delta 0), pack-reused 0
remote: Resolving deltas: 100% (1/1), completed with 1 local object.
To https://github.com/ACanavel/fullstackjava-.git
   7527b62..0a1599d  master -> master

Win7@Win7-PC MINGW64 ~/Desktop/fullstackjava/fullstackjava- (master)
$





